// Jest Snapshot v1, https://goo.gl/fbAQLP

exports[`Loader should render a <Loader /> component 1`] = `
<div
  className="sc-bdVaJa kBjoPC"
  width="66px"
>
  <div
    className="sc-13b099f-0 iQGCCd"
  />
  <div
    className="sc-13b099f-0 iQGCCd"
  />
  <div
    className="sc-13b099f-0 iQGCCd"
  />
</div>
`;
