// Jest Snapshot v1, https://goo.gl/fbAQLP

exports[`Label should render a <Label /> component 1`] = `
<label
  className="sc-ifAKCX cqHdkM"
/>
`;
